2026-04-08 16:05:31,605 INFO o.a.j.u.JMeterUtils: Setting Locale to en_EN
2026-04-08 16:05:31,618 INFO o.a.j.JMeter: Loading user properties from: /Users/a.lisnyak/Downloads/apache-jmeter-5.6.3/bin/user.properties
2026-04-08 16:05:31,618 INFO o.a.j.JMeter: Loading system properties from: /Users/a.lisnyak/Downloads/apache-jmeter-5.6.3/bin/system.properties
2026-04-08 16:05:31,621 INFO o.a.j.JMeter: Copyright (c) 1998-2024 The Apache Software Foundation
2026-04-08 16:05:31,621 INFO o.a.j.JMeter: Version 5.6.3
2026-04-08 16:05:31,621 INFO o.a.j.JMeter: java.version=23.0.2
2026-04-08 16:05:31,621 INFO o.a.j.JMeter: java.vm.name=OpenJDK 64-Bit Server VM
2026-04-08 16:05:31,621 INFO o.a.j.JMeter: os.name=Mac OS X
2026-04-08 16:05:31,621 INFO o.a.j.JMeter: os.arch=aarch64
2026-04-08 16:05:31,621 INFO o.a.j.JMeter: os.version=15.3
2026-04-08 16:05:31,621 INFO o.a.j.JMeter: file.encoding=UTF-8
2026-04-08 16:05:31,621 INFO o.a.j.JMeter: java.awt.headless=true
2026-04-08 16:05:31,621 INFO o.a.j.JMeter: Max memory     =1073741824
2026-04-08 16:05:31,621 INFO o.a.j.JMeter: Available Processors =10
2026-04-08 16:05:31,628 INFO o.a.j.JMeter: Default Locale=English (EN)
2026-04-08 16:05:31,628 INFO o.a.j.JMeter: JMeter  Locale=English (EN)
2026-04-08 16:05:31,628 INFO o.a.j.JMeter: JMeterHome=/Users/a.lisnyak/Downloads/apache-jmeter-5.6.3
2026-04-08 16:05:31,628 INFO o.a.j.JMeter: user.dir  =/Users/a.lisnyak/Downloads/LoadTesting
2026-04-08 16:05:31,628 INFO o.a.j.JMeter: PWD       =/Users/a.lisnyak/Downloads/LoadTesting
2026-04-08 16:05:31,631 INFO o.a.j.JMeter: IP: 127.0.0.1 Name: MacBook-Pro-Aleksandra.local FullName: localhost
2026-04-08 16:05:31,639 INFO o.a.j.JMeter: Setting property 'jmeter.reportgenerator.outputdir' to:'/Users/a.lisnyak/Downloads/LoadTesting/build/jmeter-results/html'
2026-04-08 16:05:31,641 INFO o.a.j.r.d.ReportGenerator: ReportGenerator will use for Parsing the separator: ','
2026-04-08 16:05:31,641 INFO o.a.j.r.d.ReportGenerator: Will only generate report from results file: build/jmeter-results/result-1775653431784.jtl
2026-04-08 16:05:31,641 INFO o.a.j.r.d.ReportGenerator: Reading report generator properties from: /Users/a.lisnyak/Downloads/apache-jmeter-5.6.3/bin/reportgenerator.properties
2026-04-08 16:05:31,642 INFO o.a.j.r.d.ReportGenerator: Merging with JMeter properties
2026-04-08 16:05:31,644 INFO o.a.j.r.c.ReportGeneratorConfiguration: Property 'jmeter.reportgenerator.temp_dir' not found, using default value 'temp' instead.
2026-04-08 16:05:31,645 INFO o.a.j.r.c.ReportGeneratorConfiguration: Property 'jmeter.reportgenerator.apdex_per_transaction' not found, using default value 'null' instead.
2026-04-08 16:05:31,652 INFO o.a.j.r.c.ReportGeneratorConfiguration: apdex_per_transaction is empty, not APDEX per transaction customization
2026-04-08 16:05:31,652 INFO o.a.j.r.c.ReportGeneratorConfiguration: Property 'jmeter.reportgenerator.sample_filter' not found, using default value 'null' instead.
2026-04-08 16:05:31,652 INFO o.a.j.r.c.ReportGeneratorConfiguration: Property 'jmeter.reportgenerator.report_title' not found, using default value 'null' instead.
2026-04-08 16:05:31,652 INFO o.a.j.r.c.ReportGeneratorConfiguration: Property 'jmeter.reportgenerator.start_date' not found, using default value 'null' instead.
2026-04-08 16:05:31,652 INFO o.a.j.r.c.ReportGeneratorConfiguration: Property 'jmeter.reportgenerator.end_date' not found, using default value 'null' instead.
2026-04-08 16:05:31,652 INFO o.a.j.r.c.ReportGeneratorConfiguration: Property 'jmeter.reportgenerator.date_format' not found, using default value 'null' instead.
2026-04-08 16:05:31,653 INFO o.a.j.r.c.ReportGeneratorConfiguration: Will use date range start date: null, end date: null
2026-04-08 16:05:31,655 INFO o.a.j.r.c.ReportGeneratorConfiguration: Property 'jmeter.reportgenerator.graph.totalTPS.exclude_controllers' not found, using default value 'false' instead.
2026-04-08 16:05:31,655 INFO o.a.j.r.c.ReportGeneratorConfiguration: Property 'jmeter.reportgenerator.graph.activeThreadsOverTime.exclude_controllers' not found, using default value 'false' instead.
2026-04-08 16:05:31,655 INFO o.a.j.r.c.ReportGeneratorConfiguration: Property 'jmeter.reportgenerator.graph.timeVsThreads.exclude_controllers' not found, using default value 'false' instead.
2026-04-08 16:05:31,655 INFO o.a.j.r.c.ReportGeneratorConfiguration: Property 'jmeter.reportgenerator.graph.responseTimeDistribution.exclude_controllers' not found, using default value 'false' instead.
2026-04-08 16:05:31,655 INFO o.a.j.r.c.ReportGeneratorConfiguration: Property 'jmeter.reportgenerator.graph.transactionsPerSecond.exclude_controllers' not found, using default value 'false' instead.
2026-04-08 16:05:31,655 INFO o.a.j.r.c.ReportGeneratorConfiguration: Property 'jmeter.reportgenerator.graph.responseTimePercentiles.exclude_controllers' not found, using default value 'false' instead.
2026-04-08 16:05:31,655 INFO o.a.j.r.c.ReportGeneratorConfiguration: Property 'jmeter.reportgenerator.graph.responseTimePercentilesOverTime.exclude_controllers' not found, using default value 'false' instead.
2026-04-08 16:05:31,655 INFO o.a.j.r.c.ReportGeneratorConfiguration: Property 'jmeter.reportgenerator.graph.responseTimesOverTime.exclude_controllers' not found, using default value 'false' instead.
2026-04-08 16:05:31,655 INFO o.a.j.r.c.ReportGeneratorConfiguration: Property 'jmeter.reportgenerator.graph.connectTimeOverTime.exclude_controllers' not found, using default value 'false' instead.
2026-04-08 16:05:31,655 INFO o.a.j.r.c.ReportGeneratorConfiguration: Property 'jmeter.reportgenerator.graph.latenciesOverTime.exclude_controllers' not found, using default value 'false' instead.
2026-04-08 16:05:31,656 INFO o.a.j.r.c.ReportGeneratorConfiguration: Property 'jmeter.reportgenerator.exporter.json.filters_only_sample_series' not found, using default value 'true' instead.
2026-04-08 16:05:31,656 INFO o.a.j.r.c.ReportGeneratorConfiguration: Property 'jmeter.reportgenerator.exporter.json.series_filter' not found, using default value '' instead.
2026-04-08 16:05:31,656 INFO o.a.j.r.c.ReportGeneratorConfiguration: Property 'jmeter.reportgenerator.exporter.json.show_controllers_only' not found, using default value 'false' instead.
2026-04-08 16:05:31,656 INFO o.a.j.r.c.ReportGeneratorConfiguration: Property 'jmeter.reportgenerator.exporter.html.filters_only_sample_series' not found, using default value 'true' instead.
2026-04-08 16:05:31,656 INFO o.a.j.r.c.ReportGeneratorConfiguration: Property 'jmeter.reportgenerator.exporter.html.series_filter' not found, using default value '' instead.
2026-04-08 16:05:31,656 INFO o.a.j.r.c.ReportGeneratorConfiguration: Property 'jmeter.reportgenerator.exporter.html.show_controllers_only' not found, using default value 'false' instead.
2026-04-08 16:05:31,783 INFO o.a.j.s.SaveService: Testplan (JMX) version: 2.2. Testlog (JTL) version: 2.2
2026-04-08 16:05:31,805 INFO o.a.j.s.SaveService: Using SaveService properties version 5.0
2026-04-08 16:05:31,807 INFO o.a.j.s.SaveService: Using SaveService properties file encoding UTF-8
2026-04-08 16:05:31,821 INFO o.a.j.r.p.NormalizerSampleConsumer: Using format, 'ms', to parse timeStamp field
2026-04-08 16:05:31,921 INFO o.a.j.r.p.AbstractSampleConsumer: class org.apache.jmeter.report.processor.AggregateConsumer#stopProducing(): beginDate produced 0 samples
2026-04-08 16:05:31,921 INFO o.a.j.r.p.AbstractSampleConsumer: class org.apache.jmeter.report.processor.AggregateConsumer#stopProducing(): endDate produced 0 samples
2026-04-08 16:05:31,922 INFO o.a.j.r.p.AbstractSampleConsumer: class org.apache.jmeter.report.processor.ApdexSummaryConsumer#stopProducing(): apdexSummary produced 0 samples
2026-04-08 16:05:31,922 INFO o.a.j.r.p.AbstractSampleConsumer: class org.apache.jmeter.report.processor.RequestsSummaryConsumer#stopProducing(): requestsSummary produced 0 samples
2026-04-08 16:05:31,926 INFO o.a.j.r.p.AbstractSampleConsumer: class org.apache.jmeter.report.processor.StatisticsSummaryConsumer#stopProducing(): statisticsSummary produced 0 samples
2026-04-08 16:05:31,927 INFO o.a.j.r.p.AbstractSampleConsumer: class org.apache.jmeter.report.processor.Top5ErrorsBySamplerConsumer#stopProducing(): top5ErrorsBySampler produced 0 samples
2026-04-08 16:05:31,927 INFO o.a.j.r.p.AbstractSampleConsumer: class org.apache.jmeter.report.processor.ErrorsSummaryConsumer#stopProducing(): errorsSummary produced 0 samples
2026-04-08 16:05:31,927 INFO o.a.j.r.p.AbstractSampleConsumer: class org.apache.jmeter.report.processor.graph.impl.HitsPerSecondGraphConsumer#stopProducing(): hitsPerSecond produced 0 samples
2026-04-08 16:05:31,955 INFO o.a.j.r.p.AbstractSampleConsumer: class org.apache.jmeter.report.processor.graph.impl.LatencyVSRequestGraphConsumer#stopProducing(): latencyVsRequest produced 0 samples
2026-04-08 16:05:31,955 INFO o.a.j.r.p.AbstractSampleConsumer: class org.apache.jmeter.report.processor.graph.impl.SyntheticResponseTimeDistributionGraphConsumer#stopProducing(): syntheticResponseTimeDistribution produced 0 samples
2026-04-08 16:05:31,956 INFO o.a.j.r.p.AbstractSampleConsumer: class org.apache.jmeter.report.processor.graph.impl.BytesThroughputGraphConsumer#stopProducing(): bytesThroughputOverTime produced 0 samples
2026-04-08 16:05:31,956 INFO o.a.j.r.p.AbstractSampleConsumer: class org.apache.jmeter.report.processor.graph.impl.CodesPerSecondGraphConsumer#stopProducing(): codesPerSecond produced 0 samples
2026-04-08 16:05:31,976 INFO o.a.j.r.p.AbstractSampleConsumer: class org.apache.jmeter.report.processor.graph.impl.ResponseTimeVSRequestGraphConsumer#stopProducing(): responseTimeVsRequest produced 0 samples
2026-04-08 16:05:31,976 INFO o.a.j.r.p.AbstractSampleConsumer: class org.apache.jmeter.report.processor.FilterConsumer#stopProducing(): startIntervalControlerFilter produced 21000 samples
2026-04-08 16:05:31,976 INFO o.a.j.r.p.AbstractSampleConsumer: class org.apache.jmeter.report.processor.graph.impl.TotalTPSGraphConsumer#stopProducing(): totalTPS produced 0 samples
2026-04-08 16:05:31,976 INFO o.a.j.r.p.AbstractSampleConsumer: class org.apache.jmeter.report.processor.graph.impl.ActiveThreadsGraphConsumer#stopProducing(): activeThreadsOverTime produced 0 samples
2026-04-08 16:05:31,976 INFO o.a.j.r.p.AbstractSampleConsumer: class org.apache.jmeter.report.processor.graph.impl.TimeVSThreadGraphConsumer#stopProducing(): timeVsThreads produced 0 samples
2026-04-08 16:05:31,977 INFO o.a.j.r.p.AbstractSampleConsumer: class org.apache.jmeter.report.processor.graph.impl.ResponseTimeDistributionGraphConsumer#stopProducing(): responseTimeDistribution produced 0 samples
2026-04-08 16:05:31,977 INFO o.a.j.r.p.AbstractSampleConsumer: class org.apache.jmeter.report.processor.graph.impl.TransactionsPerSecondGraphConsumer#stopProducing(): transactionsPerSecond produced 0 samples
2026-04-08 16:05:31,977 INFO o.a.j.r.p.AbstractSampleConsumer: class org.apache.jmeter.report.processor.graph.impl.ResponseTimePercentilesGraphConsumer#stopProducing(): responseTimePercentiles produced 0 samples
2026-04-08 16:05:31,978 INFO o.a.j.r.p.AbstractSampleConsumer: class org.apache.jmeter.report.processor.graph.impl.ResponseTimePercentilesOverTimeGraphConsumer#stopProducing(): responseTimePercentilesOverTime produced 0 samples
2026-04-08 16:05:31,979 INFO o.a.j.r.p.AbstractSampleConsumer: class org.apache.jmeter.report.processor.graph.impl.ResponseTimeOverTimeGraphConsumer#stopProducing(): responseTimesOverTime produced 0 samples
2026-04-08 16:05:31,979 INFO o.a.j.r.p.AbstractSampleConsumer: class org.apache.jmeter.report.processor.graph.impl.ConnectTimeOverTimeGraphConsumer#stopProducing(): connectTimeOverTime produced 0 samples
2026-04-08 16:05:31,979 INFO o.a.j.r.p.AbstractSampleConsumer: class org.apache.jmeter.report.processor.graph.impl.LatencyOverTimeGraphConsumer#stopProducing(): latenciesOverTime produced 0 samples
2026-04-08 16:05:31,979 INFO o.a.j.r.p.AbstractSampleConsumer: class org.apache.jmeter.report.processor.FilterConsumer#stopProducing(): nameFilter produced 45000 samples
2026-04-08 16:05:31,979 INFO o.a.j.r.p.AbstractSampleConsumer: class org.apache.jmeter.report.processor.FilterConsumer#stopProducing(): dateRangeFilter produced 9000 samples
2026-04-08 16:05:31,979 INFO o.a.j.r.p.AbstractSampleConsumer: class org.apache.jmeter.report.processor.NormalizerSampleConsumer#stopProducing(): normalizer produced 3000 samples
2026-04-08 16:05:31,980 INFO o.a.j.r.p.CsvFileSampleSource: produce(): 3000 samples produced in 147ms on channel 0
2026-04-08 16:05:31,980 INFO o.a.j.r.d.ReportGenerator: Exporting data using exporter:'json' of className:'org.apache.jmeter.report.dashboard.JsonExporter'
2026-04-08 16:05:32,017 INFO o.a.j.r.d.JsonExporter: Found data for consumer statisticsSummary in context
2026-04-08 16:05:32,017 INFO o.a.j.r.d.JsonExporter: Creating statistics for overall
2026-04-08 16:05:32,018 INFO o.a.j.r.d.JsonExporter: Creating statistics for other transactions
2026-04-08 16:05:32,018 INFO o.a.j.r.d.JsonExporter: Checking output folder
2026-04-08 16:05:32,018 INFO o.a.j.r.d.JsonExporter: Writing statistics JSON to /Users/a.lisnyak/Downloads/LoadTesting/build/jmeter-results/html/statistics.json
2026-04-08 16:05:32,037 INFO o.a.j.r.d.ReportGenerator: Exporting data using exporter:'html' of className:'org.apache.jmeter.report.dashboard.HtmlTemplateExporter'
2026-04-08 16:05:32,039 INFO o.a.j.r.d.HtmlTemplateExporter: Will generate dashboard in folder: /Users/a.lisnyak/Downloads/LoadTesting/build/jmeter-results/html
2026-04-08 16:05:32,091 INFO o.a.j.r.d.HtmlTemplateExporter: Report will be generated in: /Users/a.lisnyak/Downloads/LoadTesting/build/jmeter-results/html, creating folder structure
2026-04-08 16:05:32,092 INFO o.a.j.r.d.TemplateVisitor: Copying folder from '/Users/a.lisnyak/Downloads/apache-jmeter-5.6.3/bin/report-template' to '/Users/a.lisnyak/Downloads/LoadTesting/build/jmeter-results/html', got message: /Users/a.lisnyak/Downloads/LoadTesting/build/jmeter-results/html, found non empty folder with following content [/Users/a.lisnyak/Downloads/LoadTesting/build/jmeter-results/html/statistics.json], will be ignored
